// Jest Snapshot v1, https://goo.gl/fbAQLP

exports[`Action button element renders correctly 1`] = `
<View
  accessibilityState={
    {
      "busy": undefined,
      "checked": undefined,
      "disabled": undefined,
      "expanded": undefined,
      "selected": undefined,
    }
  }
  accessibilityValue={
    {
      "max": undefined,
      "min": undefined,
      "now": undefined,
      "text": undefined,
    }
  }
  accessible={true}
  collapsable={false}
  focusable={true}
  onBlur={[Function]}
  onClick={[Function]}
  onFocus={[Function]}
  onResponderGrant={[Function]}
  onResponderMove={[Function]}
  onResponderRelease={[Function]}
  onResponderTerminate={[Function]}
  onResponderTerminationRequest={[Function]}
  onStartShouldSetResponder={[Function]}
  style={
    {
      "alignItems": "center",
      "alignSelf": "flex-start",
      "backgroundColor": "#F0ECE4",
      "borderColor": "#1B1C1E",
      "borderRadius": 10,
      "borderWidth": 1.5,
      "flexDirection": "row",
      "padding": 10,
    }
  }
  testID="ActionButtonElement"
>
  <Icon
    color="#1B1C1E"
    name="start"
    size={20}
    style={
      {
        "marginRight": 10,
      }
    }
  />
  <Text
    style={
      [
        {
          "color": "#1B1C1E",
          "fontSize": 16,
        },
        undefined,
      ]
    }
    testID="TextFragment"
  >
    hello world
  </Text>
</View>
`;
