// Jest Snapshot v1, https://goo.gl/fbAQLP

exports[`Comment card element renders correctly 1`] = `
<View
  style={
    {
      "borderColor": "#1B1C1E",
      "borderRadius": 8,
      "borderWidth": 1,
      "marginBottom": 10,
      "padding": 8,
    }
  }
  testID="CommentCardElement"
>
  <Text
    style={
      [
        {
          "color": "#1B1C1E",
          "fontSize": 16,
        },
        undefined,
      ]
    }
    testID="CommentCardEmail"
  >
    loremipsum dolor sit amet
  </Text>
  <View
    style={
      {
        "backgroundColor": "#1B1C1E",
        "height": 1,
        "marginVertical": 4,
      }
    }
  />
  <Text
    style={
      [
        {
          "color": "#1B1C1E",
          "fontSize": 16,
        },
        undefined,
      ]
    }
    testID="CommentCardBody"
  >
    lorem ipsum dolor sit amet
  </Text>
</View>
`;
