// Jest Snapshot v1, https://goo.gl/fbAQLP

exports[`Author information card element renders correctly 1`] = `
<View
  style={
    {
      "backgroundColor": "#F0ECE4",
      "padding": 18,
    }
  }
  testID="AuthorCardElement"
>
  <View
    style={
      {
        "alignItems": "center",
        "flexDirection": "row",
        "marginBottom": 18,
      }
    }
  >
    <Icon
      name="user"
      size={30}
      style={
        {
          "backgroundColor": "#0F9D58",
          "borderRadius": 10,
          "padding": 20,
        }
      }
    />
    <View
      style={
        {
          "alignItems": "flex-start",
          "flex": 1,
          "flexDirection": "column",
          "paddingLeft": 20,
        }
      }
    >
      <View
        style={
          {
            "alignItems": "center",
            "flexDirection": "row",
            "gap": 8,
          }
        }
      >
        <Text
          style={
            [
              {
                "color": "#1B1C1E",
                "fontSize": 16,
              },
              undefined,
            ]
          }
          testID="TextFragment"
        >
          username:
        </Text>
        <Text
          style={
            [
              {
                "color": "#1B1C1E",
                "fontSize": 16,
              },
              undefined,
            ]
          }
          testID="TextFragment"
        >
          username-placeholder
        </Text>
      </View>
      <View
        style={
          {
            "alignItems": "center",
            "flexDirection": "row",
            "gap": 8,
          }
        }
      >
        <Text
          style={
            [
              {
                "color": "#1B1C1E",
                "fontSize": 16,
              },
              undefined,
            ]
          }
          testID="TextFragment"
        >
          name:
        </Text>
        <Text
          style={
            [
              {
                "color": "#1B1C1E",
                "fontSize": 16,
              },
              undefined,
            ]
          }
          testID="TextFragment"
        >
          name-placeholder
        </Text>
      </View>
      <View
        style={
          {
            "alignItems": "center",
            "flexDirection": "row",
            "gap": 8,
          }
        }
      >
        <Text
          style={
            [
              {
                "color": "#1B1C1E",
                "fontSize": 16,
              },
              undefined,
            ]
          }
          testID="TextFragment"
        >
          user id:
        </Text>
        <Text
          style={
            [
              {
                "color": "#1B1C1E",
                "fontSize": 16,
              },
              undefined,
            ]
          }
          testID="TextFragment"
        >
          1
        </Text>
      </View>
    </View>
  </View>
  <View
    style={
      {
        "alignItems": "flex-end",
        "flexDirection": "row",
        "justifyContent": "space-between",
      }
    }
  >
    <View>
      <View
        style={
          {
            "alignItems": "center",
            "flexDirection": "row",
          }
        }
      >
        <Icon
          color="#1B1C1E"
          name="envelope"
          size={20}
          style={
            {
              "marginRight": 16,
            }
          }
        />
        <Text
          style={
            [
              {
                "color": "#1B1C1E",
                "fontSize": 16,
              },
              undefined,
            ]
          }
          testID="TextFragment"
        >
          email-placeholder
        </Text>
      </View>
      <View
        style={
          {
            "alignItems": "center",
            "flexDirection": "row",
            "marginVertical": 6,
          }
        }
      >
        <Icon
          color="#1B1C1E"
          name="phone"
          size={20}
          style={
            {
              "marginRight": 16,
            }
          }
        />
        <Text
          style={
            [
              {
                "color": "#1B1C1E",
                "fontSize": 16,
              },
              undefined,
            ]
          }
          testID="TextFragment"
        >
          phone-placeholder
        </Text>
      </View>
      <View
        style={
          {
            "alignItems": "center",
            "flexDirection": "row",
          }
        }
      >
        <Icon
          color="#1B1C1E"
          name="briefcase"
          size={20}
          style={
            {
              "marginRight": 16,
            }
          }
        />
        <Text
          style={
            [
              {
                "color": "#1B1C1E",
                "fontSize": 16,
              },
              undefined,
            ]
          }
          testID="TextFragment"
        />
      </View>
    </View>
    <View>
      <Icon
        color="#1B1C1E"
        name="location-dot"
        size={20}
        style={
          {
            "alignSelf": "center",
          }
        }
      />
      <Text
        style={
          [
            {
              "color": "#1B1C1E",
              "fontSize": 16,
            },
            undefined,
          ]
        }
        testID="TextFragment"
      >
        city-placeholder
      </Text>
      <Text
        style={
          [
            {
              "color": "#1B1C1E",
              "fontSize": 16,
            },
            undefined,
          ]
        }
        testID="TextFragment"
      >
        street-placeholder
      </Text>
    </View>
  </View>
</View>
`;
